#-----------------------------------------------------------
# Vivado v2021.1 (64-bit)
# SW Build 3247384 on Thu Jun 10 19:36:33 MDT 2021
# IP Build 3246043 on Fri Jun 11 00:30:35 MDT 2021
# Start of session at: Sat Sep 30 11:38:55 2023
# Process ID: 120
# Current directory: D:/Libraries/Documents/School/MANTY/BlackboardSynth_MANTIS/Lookup Table and R2R Example/mantis_synth
# Command line: vivado.exe -gui_launcher_event rodinguilauncherevent2964 D:\Libraries\Documents\School\MANTY\BlackboardSynth_MANTIS\Lookup Table and R2R Example\mantis_synth\mantis_synth.xpr
# Log file: D:/Libraries/Documents/School/MANTY/BlackboardSynth_MANTIS/Lookup Table and R2R Example/mantis_synth/vivado.log
# Journal file: D:/Libraries/Documents/School/MANTY/BlackboardSynth_MANTIS/Lookup Table and R2R Example/mantis_synth\vivado.jou
#-----------------------------------------------------------
start_gui
open_project {D:/Libraries/Documents/School/MANTY/BlackboardSynth_MANTIS/Lookup Table and R2R Example/mantis_synth/mantis_synth.xpr}
update_compile_order -fileset sources_1
synth_design -rtl -rtl_skip_mlo -name rtl_1
refresh_design
refresh_design
add_files -norecurse {{D:/Libraries/Documents/School/MANTY/BlackboardSynth_MANTIS/Lookup Table and R2R Example/debounce_1.v}}
update_compile_order -fileset sources_1
update_compile_order -fileset sources_1
refresh_design
refresh_design
refresh_design
refresh_design
launch_simulation -mode post-synthesis -type functional
launch_simulation
source synth_wrapper_tb.tcl
close_sim
launch_simulation
source synth_wrapper_tb.tcl
run 100us
run 10ms
run 5ms
run 10ms
run 5ms
run 10ms
run 10ms
run 50ms
close_sim
refresh_design
refresh_design
refresh_design
close_design
synth_design -rtl -rtl_skip_mlo -name rtl_1
synth_design -rtl -rtl_skip_mlo -name rtl_1
synth_design -rtl -rtl_skip_mlo -name rtl_1
