Nothing to build in platform 'mantis_synth'

19:28:18 **** Incremental Build of configuration Debug for project mantis_software ****
make all 
make --no-print-directory pre-build
a9-linaro-pre-build-step
' '
make --no-print-directory main-build
'Building file: ../src/main.c'
'Invoking: ARM v7 gcc compiler'
arm-none-eabi-gcc -Wall -O0 -g3 -c -fmessage-length=0 -MT"src/main.o" -mcpu=cortex-a9 -mfpu=vfpv3 -mfloat-abi=hard -ID:/Libraries/Documents/School/MANTY/BlackboardSynth_MANTIS/software_workspace/mantis_synth/export/mantis_synth/sw/mantis_synth/standalone_domain/bspinclude/include -MMD -MP -MF"src/main.d" -MT"src/main.o" -o "src/main.o" "../src/main.c"
'Finished building: ../src/main.c'
' '
'Building file: ../src/synth.c'
'Invoking: ARM v7 gcc compiler'
arm-none-eabi-gcc -Wall -O0 -g3 -c -fmessage-length=0 -MT"src/synth.o" -mcpu=cortex-a9 -mfpu=vfpv3 -mfloat-abi=hard -ID:/Libraries/Documents/School/MANTY/BlackboardSynth_MANTIS/software_workspace/mantis_synth/export/mantis_synth/sw/mantis_synth/standalone_domain/bspinclude/include -MMD -MP -MF"src/synth.d" -MT"src/synth.o" -o "src/synth.o" "../src/synth.c"
'Finished building: ../src/synth.c'
' '
'Building target: mantis_software.elf'
'Invoking: ARM v7 gcc linker'
arm-none-eabi-gcc -mcpu=cortex-a9 -mfpu=vfpv3 -mfloat-abi=hard -Wl,-build-id=none -specs=Xilinx.spec -Wl,-T -Wl,../src/lscript.ld -LD:/Libraries/Documents/School/MANTY/BlackboardSynth_MANTIS/software_workspace/mantis_synth/export/mantis_synth/sw/mantis_synth/standalone_domain/bsplib/lib -o "mantis_software.elf"  ./src/main.o ./src/synth.o   -Wl,--start-group,-lxil,-lgcc,-lc,--end-group
'Finished building target: mantis_software.elf'
' '
'Invoking: ARM v7 Print Size'
arm-none-eabi-size mantis_software.elf  |tee "mantis_software.elf.size"
   text	   data	    bss	    dec	    hex	filename
  18676	   1144	  22568	  42388	   a594	mantis_software.elf
'Finished building: mantis_software.elf.size'
' '
